/home/jun/.local/lib/python3.10/site-packages/matplotlib/projections/__init__.py:63: UserWarning: Unable to import Axes3D. This may be due to multiple versions of Matplotlib being installed (e.g. as a system package and as a pip package). As a result, the 3D projection is not available.
  warnings.warn("Unable to import Axes3D. This may be due to multiple versions of "
[INFO][MainThread] FlatCAM Starting...
[DEBUG][MainThread] Application path is /home/jun/flatcam-beta
[DEBUG][MainThread] Started in /home/jun/flatcam-beta
[DEBUG][MainThread] FlatCAM defaults loaded from: /home/jun/.FlatCAM/current_defaults.FlatConfig
[DEBUG][MainThread] MainGUI.__init__() --> UI layout restored from QSettings. Layout = minimal
[DEBUG][MainThread] App.save_project_auto_update() --> updated the interval timeout.
[DEBUG][MainThread] App.__init__() --> Applied English language.
[DEBUG][MainThread] propagate_defaults()
[DEBUG] Finished Preferences GUI form initialization.
[DEBUG][MainThread] Finished creating Object Collection.
[DEBUG][MainThread] Setting up canvas: 3D
[DEBUG][MainThread] Finished Canvas initialization in 0.4607243537902832 seconds.
[DEBUG][MainThread] Finished creating Workers crew.
[DEBUG][MainThread] TCL Shell has been initialized.
[DEBUG][MainThread] Tools are installed.
[DEBUG][MainThread] Initialization of the Geometry Editor is finished ...
[DEBUG][MainThread] Initialization of the Excellon Editor is finished ...
[DEBUG][MainThread] Initialization of the Gerber Editor is finished ...
[DEBUG][MainThread] Initialization of the GCode Editor is finished ...
[DEBUG][MainThread] Finished adding FlatCAM Editor's.
[DEBUG][MainThread] + Adding Exclusion Areas
[DEBUG][MainThread] Recent items list has been populated.
[DEBUG][MainThread]  -> Connecting Toolbar Signals
[DEBUG][MainThread]  -> Connecting Tools Toolbar Signals
[DEBUG][MainThread] Finished connecting Signals.
[DEBUG][MainThread] END of constructor. Releasing control.
[DEBUG] App.PreferencesUIManager.save_defaults()
[DEBUG][MainThread] propagate_defaults()
[DEBUG][MainThread] App.save_project_auto_update() --> updated the interval timeout.
[DEBUG] App.PreferencesUIManager.save_defaults()
[DEBUG][MainThread] propagate_defaults()
[DEBUG][MainThread] App.save_project_auto_update() --> updated the interval timeout.
[DEBUG][MainThread] App.quit_application() --> App Defaults saved.
[DEBUG][MainThread] App.quit_application() --> App UI state saved.
